==============================================================================
Tests                                                                         
==============================================================================
Tests.testDemo5 :: To Validate the Login Page                                 
==============================================================================
Valid UN and Invalid PWD                                              | PASS |
------------------------------------------------------------------------------
Invalid UN and Valid PWD                                              | PASS |
------------------------------------------------------------------------------
Invalid UN and Invalid PWD                                            | PASS |
------------------------------------------------------------------------------
Special characters                                                    | PASS |
------------------------------------------------------------------------------
Numbers                                                               | PASS |
------------------------------------------------------------------------------
Login with username abcd and password 1000                            | PASS |
------------------------------------------------------------------------------
Tests.testDemo5 :: To Validate the Login Page                         | PASS |
6 tests, 6 passed, 0 failed
==============================================================================
Tests                                                                 | PASS |
6 tests, 6 passed, 0 failed
==============================================================================
Output:  C:\Users\varun\PycharmProjects\RobotFramework\tests\pabot_results\4\output.xml
