==============================================================================
Tests                                                                         
==============================================================================
Tests.testDemo6 :: To Validate the Login Page                                 
==============================================================================
Validate UnSuccessful Login                                           | PASS |
------------------------------------------------------------------------------
Validate Cards Display in Shopping Page                               | PASS |
------------------------------------------------------------------------------
Select the Form and navigate to child window                            
  Traceback (most recent call last):
    ~~~~~~~~~~~~~~~~~~~~~~~~~~~~~~~~~~~~~~~~~~~~~~~~~~~~~~~~~~~~~~~~~~~~~~~~~~
    File  C:\Users\varun\PycharmProjects\RobotFramework\tests\testDemo6.robot:32
    T:  Select the Form and navigate to child window    
    ~~~~~~~~~~~~~~~~~~~~~~~~~~~~~~~~~~~~~~~~~~~~~~~~~~~~~~~~~~~~~~~~~~~~~~~~~~
    File  C:\Users\varun\PycharmProjects\RobotFramework\tests\testDemo6.robot:33
      Fill the Login Details and Login Form    
    ~~~~~~~~~~~~~~~~~~~~~~~~~~~~~~~~~~~~~~~~~~~~~~~~~~~~~~~~~~~~~~~~~~~~~~~~~~
    File  C:\Users\varun\PycharmProjects\RobotFramework\tests\testDemo6.robot:87
      Wait Until Element Is Not Visible    css:div[class='modal-content']
______________________________________________________________________________
| FAIL |
Element 'css:div[class='modal-content']' still visible after 5 seconds.
------------------------------------------------------------------------------
Tests.testDemo6 :: To Validate the Login Page                         | FAIL |
3 tests, 2 passed, 1 failed
==============================================================================
Tests                                                                 | FAIL |
3 tests, 2 passed, 1 failed
==============================================================================
Output:  C:\Users\varun\PycharmProjects\RobotFramework\tests\pabot_results\5\output.xml
