==============================================================================
Tests                                                                         
==============================================================================
Tests.testDemo4 :: To Validate the Login Page                                 
==============================================================================
Valid UN and Invalid PWD                                              | PASS |
------------------------------------------------------------------------------
Invalid UN and Valid PWD                                              | PASS |
------------------------------------------------------------------------------
Invalid UN and Invalid PWD                                            | PASS |
------------------------------------------------------------------------------
Special characters                                                    | PASS |
------------------------------------------------------------------------------
Numbers                                                               | PASS |
------------------------------------------------------------------------------
Tests.testDemo4 :: To Validate the Login Page                         | PASS |
5 tests, 5 passed, 0 failed
==============================================================================
Tests                                                                 | PASS |
5 tests, 5 passed, 0 failed
==============================================================================
Output:  C:\Users\varun\PycharmProjects\RobotFramework\tests\pabot_results\3\output.xml
