==============================================================================
Tests                                                                         
==============================================================================
Tests.testDemo7 :: To Validate the Login Page                                 
==============================================================================
End to End Ecommerce Product Validation                                 
  Traceback (most recent call last):
    ~~~~~~~~~~~~~~~~~~~~~~~~~~~~~~~~~~~~~~~~~~~~~~~~~~~~~~~~~~~~~~~~~~~~~~~~~~
    File  C:\Users\varun\PycharmProjects\RobotFramework\tests\testDemo7.robot:27
    T:  End to End Ecommerce Product Validation    
    ~~~~~~~~~~~~~~~~~~~~~~~~~~~~~~~~~~~~~~~~~~~~~~~~~~~~~~~~~~~~~~~~~~~~~~~~~~
    File  C:\Users\varun\PycharmProjects\RobotFramework\tests\testDemo7.robot:36
      Verify Items In Checkout Page And Proceed    ${list_of_products}
      |  ${list_of_products} = ['Blackberry', 'Nokia Edge'] (list)
    ~~~~~~~~~~~~~~~~~~~~~~~~~~~~~~~~~~~~~~~~~~~~~~~~~~~~~~~~~~~~~~~~~~~~~~~~~~
    File  C:\Users\varun\PycharmProjects\RobotFramework\PO\CheckoutPage.robot:26
      Should Be Equal    ${actual_list}    ${expected_list}
      |  ${actual_list} = [] (list)
      |  ${expected_list} = ['Blackberry', 'Nokia Edge'] (list)
______________________________________________________________________________
| FAIL |
[] != ['Blackberry', 'Nokia Edge']
------------------------------------------------------------------------------
Tests.testDemo7 :: To Validate the Login Page                         | FAIL |
1 test, 0 passed, 1 failed
==============================================================================
Tests                                                                 | FAIL |
1 test, 0 passed, 1 failed
==============================================================================
Output:  C:\Users\varun\PycharmProjects\RobotFramework\tests\pabot_results\6\output.xml
